11:39:33 PASS setup from the merchant wallet: mine, register, deploy, policy mine > register > deploy > policy > done in 24s, arbiter 0x31afe8de9ae348fb8fc522b25c22fba7de672150
11:39:33 PASS register without sign-in -> 401 
11:39:33 PASS sign-in with someone else's signature -> 401 
11:39:33 PASS sign-in with an hour-old signature -> 401 
11:39:33 PASS sign-in with a fresh signature -> session 
11:39:33 PASS register with someone else's arbiter -> refused The arbiter is not a current HeldArbiter (v3). Run setup again.
11:39:37 PASS register with a tampered arbiter (1 byte changed) -> refused The arbiter is not the genuine HeldArbiter contract.
11:39:41 PASS register a genuine arbiter with no fee -> refused The arbiter's fee settings aren't Held's. Run setup again.
11:39:42 PASS register the genuine setup -> accepted {
  merchant: {
    address: '0x14c0d7e98fF7B0C5fbEAa5D0Fdf63225464ce3Ee',
    masterId: '0xbb1c3ff1',
    arbiter: '0x31afe8de9ae348fb8fc522b25c22fba7de672150',
    resolver: '0x3a7E18E039B555e9A8eD2036ef13865147C1EDfF',
    acceptedTokens: [
      '0x20C0000000000000000000000000000000000000',
      '0x20C0000000000000000000000000000000000001',
      '0x20C0000000000000000000000000000000000002'
    ],
    window: 120,
    resolveWindow: 120,
    name: 'E2E Shop',
    registeredAt: 1791200382
  }
}
11:39:42 PASS /me returns the merchant 
11:39:42 PASS create order without sign-in -> 401 
11:39:43 PASS signed-in non-merchant cannot create orders -> 401 
11:39:43 PASS orders use the merchant arbiter 
11:39:43 PASS order has an unguessable key (16+ chars) hDklhWhVNoXOy1kf
11:39:43 PASS public: the key opens the order 
11:39:43 PASS public: the order number does not -> 404 
11:39:43 PASS another signed-in wallet: order number -> 404 
11:39:43 PASS the shop's merchant: order number -> 200 
11:39:43 PASS another wallet doesn't see the merchant's orders 
11:39:48 PASS A paid -> held (indexer follows the new merchant) 
11:39:49 PASS merchant cannot release early (contract) reverted
11:39:50 PASS buyer releases A 
11:39:50 PASS A -> released 
11:39:51 PASS release splits on chain: merchant +4.95, fee wallet +0.05 { merchant: '4950000', fee: '50000' }
11:39:53 PASS merchant refunds B from their own wallet 
11:39:54 PASS B -> refunded 
11:39:57 PASS buyer disputes C 
11:40:00 PASS C is on the resolver's list 
11:40:00 PASS note signed by another wallet -> 401 
11:40:00 PASS buyer note signed by the paying wallet -> accepted 
11:40:00 PASS stranger cannot reply -> 401 
11:40:00 PASS merchant replies with its session 
11:40:00 PASS the buyer's own link shows both notes 
11:40:00 PASS merchant sees both notes 
11:40:00 PASS resolver list without sign-in has no notes 
11:40:00 PASS signed-in resolver sees the notes 
11:40:01 PASS merchant cannot release a disputed payment (contract) reverted
11:40:02 PASS resolver refunds C from the resolver's wallet 
11:40:03 PASS C -> refunded 
11:40:03 PASS order shows the shop's resolver deadline 120
11:40:06 PASS buyer disputes G 
11:40:08 PASS buyer withdraws the dispute: G released to the merchant 
11:40:09 PASS G -> released 
11:40:13 PASS buyer disputes H 
11:40:14 PASS indexer deadline = contract deadline { indexer: 1791200532, contract: '1791200532' }
11:40:17 PASS before the deadline a stranger cannot refund (contract) reverted
11:40:17   waiting for H's resolver deadline (115s)…
11:42:15 PASS notes close at the deadline -> 409 
11:42:15 PASS after the deadline the order says so 
11:42:16 PASS after the deadline the resolver cannot pay the merchant (contract) reverted
11:42:20 PASS after the deadline a stranger triggers the refund 
11:42:20 PASS H -> refunded, 100% to the buyer 
11:42:21 PASS D paid in the second stablecoin -> held, not a wrong token 
11:42:22 PASS buyer releases D (second stablecoin reaches the merchant) 
11:42:22 PASS D -> released 
11:42:28 PASS buyer without pathUSD confirms delivery, fee paid in the second stablecoin 
11:42:29 PASS …and never needed pathUSD 0n
11:42:29 PASS E -> released 
11:42:31 PASS wrong-token payment is flagged [ true ]
11:42:31   waiting out the 120 s window…
11:44:37 PASS wrong token cannot reach the merchant after the window (contract) reverted
11:44:38 PASS payer gets the wrong token back 
11:44:38 PASS order above the launch cap ($1000) -> 400 
11:44:38 PASS checkout link above the launch cap -> 400 
11:44:38 PASS order of $0 -> 400 
11:44:38 63/63 checks passed
