
> held@0.1.0 e2e:metamask
> node e2e/metamask.ts

07:26:38 throwaway MetaMask account 0xDc59137Cca147ffeCFAf6cBA4BF8668dEc9e51aE
07:26:59 PASS MetaMask onboarded with a fresh throwaway seed Your wallet is ready! Open wallet Manage default settings
07:27:02 PASS "Connect browser wallet" shown when MetaMask is installed 
07:27:02   metamask[connect+network] sidepanel.html: Account 1 0xDc591...e51aE Fund your wallet Get your wallet ready to use web3 Add funds Buy Swap Send Receive ARB's run Up ~40% over the past 7 days Bitcoin moving Touches $86K, highest price since January Tokens Perps De
07:27:03   metamask[connect+network] sidepanel.html#connect: l localhost Connect this website with MetaMask Account Account 1 Permissions See addresses, balances, and activity Send requests for transactions Cannot move funds without your permission Cancel Connect
07:27:03   metamask[connect+network]: clicked confirm-btn
07:27:06   metamask[connect+network] sidepanel.html#confirm-transaction: Add Tempo Moderato A site is suggesting additional network details. Request from H localhost:8787 Network Tempo Moderato RPC rpc.moderato.tempo.xyz Beware of network scams and security risks. Cancel Confirm
07:27:06   metamask[connect+network]: clicked confirm-footer-button
07:27:09 PASS connect + add/switch to Tempo Moderato (chainId 42431) 
07:27:09 PASS MetaMask is on Tempo Moderato 0xa5bf
07:27:09   metamask[pay] sidepanel.html#/: Account 1 0xDc591...e51aE 0 USD +$0.00 (+0.00%) Discover Buy Swap Send Receive ARB's run Up ~40% over the past 7 days Bitcoin moving Touches $86K, highest price since January Tokens Perps DeFi NFTs Activity Network: Temp
07:27:10   metamask[pay] sidepanel.html#confirm-transaction: Sending Unknown ? From Account 1 To 0x82bFcaDaFdFd…4E00000427 Estimated changes Network Tempo Moderato Request from HTTP localhost:8787 Interacting with 0x20C00...00000 Network fee Speed Market <1 sec Cancel Confirm
07:27:10   metamask[pay]: clicked confirm-footer-button
07:27:13   pay: testnet busy (rate limited), retrying in 5s
07:27:18   metamask[pay] sidepanel.html#/: Account 1 0xDc591...e51aE 0 USD +$0.00 (+0.00%) Discover Buy Swap Send Receive ARB's run Up ~40% over the past 7 days Bitcoin moving Touches $86K, highest price since January Tokens Perps DeFi NFTs Activity Network: Temp
07:27:19   metamask[pay] sidepanel.html#confirm-transaction: Sending Unknown ? From Account 1 To 0x82bFcaDaFdFd…4E00000427 Estimated changes Unavailable Network Tempo Moderato Request from HTTP localhost:8787 Interacting with PATHUSD Network fee Speed Market <1 sec Cancel Confirm
07:27:19   metamask[pay]: clicked confirm-footer-button
07:27:21   pay: testnet busy (rate limited), retrying in 10s
07:27:31   metamask[pay] sidepanel.html#/: Account 1 0xDc591...e51aE 0 USD +$0.00 (+0.00%) Discover Buy Swap Send Receive ARB's run Up ~40% over the past 7 days Bitcoin moving Touches $86K, highest price since January Tokens Perps DeFi NFTs Activity Network: Temp
07:27:33   metamask[pay] sidepanel.html#confirm-transaction: Sending Unknown ? From Account 1 To 0x82bFcaDaFdFd…4E00000427 Estimated changes Network Tempo Moderato Request from HTTP localhost:8787 Interacting with PATHUSD Network fee Speed Market <1 sec Cancel Confirm
07:27:33   metamask[pay]: clicked confirm-footer-button
07:27:36 PASS pay with MetaMask -> held 
07:27:36   metamask[release] sidepanel.html#/: Account 1 0xDc591...e51aE 0 USD +$0.00 (+0.00%) Discover Buy Swap Send Receive ARB's run Up ~40% over the past 7 days Bitcoin moving Touches $86K, highest price since January Tokens Perps DeFi NFTs Activity Network: Temp
07:27:38   metamask[release] sidepanel.html#confirm-transaction: Account 1 Transaction request Estimated changes Unavailable Network Tempo Moderato Request from HTTP localhost:8787 Interacting with 0x853DE...8CB2c Network fee 0.0412 pathUSD Speed Market <1 sec Cancel Confirm
07:27:38   metamask[release]: clicked confirm-footer-button
07:27:41 PASS confirm delivery (arbiter.release) signed in MetaMask -> released released
07:27:43   order 2 page before pay: Pay Held until delivery Settled Order #1064 MetaMask test: logo $1.00 pathUSD Awaiting payment Protected by Held. Your payment is held onchain until you confirm delivery. If something goes wrong, open
07:27:43   metamask[reconnect] sidepanel.html#/: Account 1 0xDc591...e51aE 0 USD +$0.00 (+0.00%) Discover Buy Swap Send Receive ARB's run Up ~40% over the past 7 days Bitcoin moving Touches $86K, highest price since January Tokens Perps DeFi NFTs Activity Network: Temp
07:27:44   metamask[pay2] sidepanel.html#/: Account 1 0xDc591...e51aE 0 USD +$0.00 (+0.00%) Discover Buy Swap Send Receive ARB's run Up ~40% over the past 7 days Bitcoin moving Touches $86K, highest price since January Tokens Perps DeFi NFTs Activity Network: Temp
07:27:45   metamask[pay2] sidepanel.html#confirm-transaction: Sending Unknown ? From Account 1 To 0x82bFcaDafdFd…4e00000428 Estimated changes Unavailable Network Tempo Moderato Request from HTTP localhost:8787 Interacting with PATHUSD Network fee 0.0064 pathUSD Speed Market <1 sec 
07:27:45   metamask[pay2]: clicked confirm-footer-button
07:27:48   pay2: testnet busy (rate limited), retrying in 5s
07:27:53   metamask[pay2] sidepanel.html#/: Account 1 0xDc591...e51aE 0 USD +$0.00 (+0.00%) Discover Buy Swap Send Receive ARB's run Up ~40% over the past 7 days Bitcoin moving Touches $86K, highest price since January Tokens Perps DeFi NFTs Activity Network: Temp
07:27:54   metamask[pay2] sidepanel.html#confirm-transaction: Sending Unknown ? From Account 1 To 0x82bFcaDafdFd…4e00000428 Estimated changes Unavailable Network Tempo Moderato Request from HTTP localhost:8787 Interacting with PATHUSD Network fee 0.0064 pathUSD Speed Market <1 sec 
07:27:54   metamask[pay2]: clicked confirm-footer-button
07:27:57   order 2 page after pay: Pay Held until delivery Settled Order #1064 MetaMask test: logo $1.00 pathUSD Held: protected Payment held: you're protected. $1.00 is locked by the Tempo protocol, not by the merchant. Protection window: 4:58 left. Your wallet 0xdc59…51ae · $999,996.98 pathUSD (browser wallet) Switch I got it: rele
07:27:59   metamask[dispute] sidepanel.html#/: Account 1 0xDc591...e51aE 0 USD +$0.00 (+0.00%) Discover Buy Swap Send Receive ARB's run Up ~40% over the past 7 days Bitcoin moving Touches $86K, highest price since January Tokens Perps DeFi NFTs Activity Network: Temp
07:28:01   metamask[dispute] sidepanel.html#confirm-transaction: Account 1 Transaction request Estimated changes Unavailable Network Tempo Moderato Request from HTTP localhost:8787 Interacting with 0x853DE...8CB2c Network fee 0.0412 pathUSD Speed Market <1 sec Cancel Confirm
07:28:01   metamask[dispute]: clicked confirm-footer-button
07:28:04 PASS open dispute (arbiter.dispute) signed in MetaMask -> disputed disputed
07:28:04 orders 1063 1064
07:28:04 7/7 checks passed
