
> held@0.1.0 e2e:tempo-wallet
> node e2e/tempo-wallet.ts

14:27:29   wallet popup: Sign in with Tempo Create an account or sign in with a passkey to localhost:8787. Create account or Sign in with passkey By continuing, you agree to the Terms of Service and Privacy Policy.
14:27:29   wallet: clicked "Create account"
14:27:32 PASS Tempo Wallet connects (passkey account created) 
14:27:36   wallet popup: Payment Request localhost:8787 is requesting a payment. Reject Pay 0x4 3D2514c6149eD84BDB2C … 545799cff7e5fD6F2F F
14:27:37   wallet popup: Payment Request localhost:8787 is requesting a payment. $2.00 To 0xB 10C00000000000000000 … 000000000000000000 0 Currency PathUSD Fee $0.0007 Reject Pay $2.00 held-e2e-muo792u7
14:27:37   wallet: clicked "Pay $2.00"
14:27:40 PASS pay with Tempo Wallet -> held 
14:27:41   wallet popup: Review Transaction Reject Confirm held-e2e-muo792u7
14:27:41   wallet popup: Review Transaction Fee $0.002 This transaction interacts with a smart contract but has no visible balance changes. Review carefully before confirming. Reject Confirm held-e2e-muo792u7 $4,999,998.00
14:27:41   wallet: clicked "Confirm"
14:27:44 PASS confirm delivery (arbiter.release) signed by Tempo Wallet -> released released 
14:27:47   wallet popup: Payment Request localhost:8787 is requesting a payment. Reject Pay held-e2e-muo792u7 $4,999,998.00
14:27:47   wallet popup: Payment Request localhost:8787 is requesting a payment. $1.00 To 0xB 10C00000000000000000 … 000000000000000000 0 Currency PathUSD Fee $0.0004 Reject Pay $1.00 held-e2e-muo792u7 $4,999,998.00
14:27:47   wallet: clicked "Pay $1.00"
14:27:51   wallet popup: Review Transaction Reject Confirm held-e2e-muo792u7 $4,999,998.00
14:27:52   wallet popup: Review Transaction Fee $0.002 This transaction interacts with a smart contract but has no visible balance changes. Review carefully before confirming. Reject Confirm held-e2e-muo792u7 $4,999,997.00
14:27:52   wallet: clicked "Confirm"
14:27:55 PASS open dispute (arbiter.dispute) signed by Tempo Wallet -> disputed disputed
14:27:55 Tempo Wallet account 0x43D2514c6149eD84BDB2C545799cff7e5fD6F2FF | orders 1009 1010
14:27:55 4/4 checks passed
